// Jest Snapshot v1, https://goo.gl/fbAQLP

exports[`Main render correctly 1`] = `
Object {
  "asFragment": [Function],
  "baseElement": <body>
    <div>
      <section
        class="content"
      >
        <h1
          class="title"
        >
          App: Survey & Voting
        </h1>
        <section
          class="buttons"
        >
          <a
            class="button__text"
            href="/survey/new"
          >
            <button
              class="button"
            >
              Survey
            </button>
          </a>
          <a
            class="button__text"
            href="/voting/new"
          >
            <button
              class="button"
            >
              Voting
            </button>
          </a>
        </section>
      </section>
    </div>
  </body>,
  "container": <div>
    <section
      class="content"
    >
      <h1
        class="title"
      >
        App: Survey & Voting
      </h1>
      <section
        class="buttons"
      >
        <a
          class="button__text"
          href="/survey/new"
        >
          <button
            class="button"
          >
            Survey
          </button>
        </a>
        <a
          class="button__text"
          href="/voting/new"
        >
          <button
            class="button"
          >
            Voting
          </button>
        </a>
      </section>
    </section>
  </div>,
  "debug": [Function],
  "findAllByAltText": [Function],
  "findAllByDisplayValue": [Function],
  "findAllByLabelText": [Function],
  "findAllByPlaceholderText": [Function],
  "findAllByRole": [Function],
  "findAllByTestId": [Function],
  "findAllByText": [Function],
  "findAllByTitle": [Function],
  "findByAltText": [Function],
  "findByDisplayValue": [Function],
  "findByLabelText": [Function],
  "findByPlaceholderText": [Function],
  "findByRole": [Function],
  "findByTestId": [Function],
  "findByText": [Function],
  "findByTitle": [Function],
  "getAllByAltText": [Function],
  "getAllByDisplayValue": [Function],
  "getAllByLabelText": [Function],
  "getAllByPlaceholderText": [Function],
  "getAllByRole": [Function],
  "getAllByTestId": [Function],
  "getAllByText": [Function],
  "getAllByTitle": [Function],
  "getByAltText": [Function],
  "getByDisplayValue": [Function],
  "getByLabelText": [Function],
  "getByPlaceholderText": [Function],
  "getByRole": [Function],
  "getByTestId": [Function],
  "getByText": [Function],
  "getByTitle": [Function],
  "queryAllByAltText": [Function],
  "queryAllByDisplayValue": [Function],
  "queryAllByLabelText": [Function],
  "queryAllByPlaceholderText": [Function],
  "queryAllByRole": [Function],
  "queryAllByTestId": [Function],
  "queryAllByText": [Function],
  "queryAllByTitle": [Function],
  "queryByAltText": [Function],
  "queryByDisplayValue": [Function],
  "queryByLabelText": [Function],
  "queryByPlaceholderText": [Function],
  "queryByRole": [Function],
  "queryByTestId": [Function],
  "queryByText": [Function],
  "queryByTitle": [Function],
  "rerender": [Function],
  "unmount": [Function],
}
`;
